log for pid 66634 tid 66634:
execve(fd=-1,path=/usr/local/sbin/find,fd2=-1,path2=,flags=0) -> -2
execve(fd=-1,path=/usr/local/bin/find,fd2=-1,path2=,flags=0) -> -2
execve(fd=-1,path=/usr/sbin/find,fd2=-1,path2=,flags=0) -> -2
execve(fd=-1,path=/usr/bin/find,fd2=-1,path2=,flags=0) -> 0
faccessat(fd=-100,path=/etc/ld.so.preload,fd2=-1,path2=,flags=0) -> -2
openat(fd=-100,path=/etc/ld.so.cache,fd2=-1,path2=,flags=524288) -> 3
openat(fd=-100,path=/lib/aarch64-linux-gnu/libselinux.so.1,fd2=-1,path2=,flags=524288) -> 3
openat(fd=-100,path=/lib/aarch64-linux-gnu/libm.so.6,fd2=-1,path2=,flags=524288) -> 3
openat(fd=-100,path=/lib/aarch64-linux-gnu/libc.so.6,fd2=-1,path2=,flags=524288) -> 3
openat(fd=-100,path=/lib/aarch64-linux-gnu/libpcre2-8.so.0,fd2=-1,path2=,flags=524288) -> 3
 -> -2
statfs(fd=-1,path=/selinux,fd2=-1,path2=,flags=0) -> -2
openat(fd=-100,path=/proc/filesystems,fd2=-1,path2=,flags=524288) -> 3
faccessat(fd=-100,path=/etc/selinux/config,fd2=-1,path2=,flags=0) -> -2
 -> 3
openat(fd=-100,path=/usr/lib/locale/locale-archive,fd2=-1,path2=,flags=524288) -> 4
openat(fd=-100,path=/usr/share/locale/locale.alias,fd2=-1,path2=,flags=524288) -> 4
openat(fd=-100,path=/usr/lib/locale/C.UTF-8/LC_IDENTIFICATION,fd2=-1,path2=,flags=524288) -> -2
openat(fd=-100,path=/usr/lib/locale/C.utf8/LC_IDENTIFICATION,fd2=-1,path2=,flags=524288) -> 4
openat(fd=-100,path=/usr/lib/aarch64-linux-gnu/gconv/gconv-modules.cache,fd2=-1,path2=,flags=524288) -> 4
openat(fd=-100,path=/usr/lib/locale/C.UTF-8/LC_MEASUREMENT,fd2=-1,path2=,flags=524288) -> -2
openat(fd=-100,path=/usr/lib/locale/C.utf8/LC_MEASUREMENT,fd2=-1,path2=,flags=524288) -> 4
openat(fd=-100,path=/usr/lib/locale/C.UTF-8/LC_TELEPHONE,fd2=-1,path2=,flags=524288) -> -2
openat(fd=-100,path=/usr/lib/locale/C.utf8/LC_TELEPHONE,fd2=-1,path2=,flags=524288) -> 4
openat(fd=-100,path=/usr/lib/locale/C.UTF-8/LC_ADDRESS,fd2=-1,path2=,flags=524288) -> -2
openat(fd=-100,path=/usr/lib/locale/C.utf8/LC_ADDRESS,fd2=-1,path2=,flags=524288) -> 4
openat(fd=-100,path=/usr/lib/locale/C.UTF-8/LC_NAME,fd2=-1,path2=,flags=524288) -> -2
openat(fd=-100,path=/usr/lib/locale/C.utf8/LC_NAME,fd2=-1,path2=,flags=524288) -> 4
openat(fd=-100,path=/usr/lib/locale/C.UTF-8/LC_PAPER,fd2=-1,path2=,flags=524288) -> -2
openat(fd=-100,path=/usr/lib/locale/C.utf8/LC_PAPER,fd2=-1,path2=,flags=524288) -> 4
openat(fd=-100,path=/usr/lib/locale/C.UTF-8/LC_MESSAGES,fd2=-1,path2=,flags=524288) -> -2
openat(fd=-100,path=/usr/lib/locale/C.utf8/LC_MESSAGES,fd2=-1,path2=,flags=524288) -> 4
openat(fd=-100,path=/usr/lib/locale/C.utf8/LC_MESSAGES/SYS_LC_MESSAGES,fd2=-1,path2=,flags=524288) -> 4
openat(fd=-100,path=/usr/lib/locale/C.UTF-8/LC_MONETARY,fd2=-1,path2=,flags=524288) -> -2
openat(fd=-100,path=/usr/lib/locale/C.utf8/LC_MONETARY,fd2=-1,path2=,flags=524288) -> 4
openat(fd=-100,path=/usr/lib/locale/C.UTF-8/LC_COLLATE,fd2=-1,path2=,flags=524288) -> -2
openat(fd=-100,path=/usr/lib/locale/C.utf8/LC_COLLATE,fd2=-1,path2=,flags=524288) -> 4
openat(fd=-100,path=/usr/lib/locale/C.UTF-8/LC_TIME,fd2=-1,path2=,flags=524288) -> -2
openat(fd=-100,path=/usr/lib/locale/C.utf8/LC_TIME,fd2=-1,path2=,flags=524288) -> 4
openat(fd=-100,path=/usr/lib/locale/C.UTF-8/LC_NUMERIC,fd2=-1,path2=,flags=524288) -> -2
openat(fd=-100,path=/usr/lib/locale/C.utf8/LC_NUMERIC,fd2=-1,path2=,flags=524288) -> 4
openat(fd=-100,path=/usr/lib/locale/C.UTF-8/LC_CTYPE,fd2=-1,path2=,flags=524288) -> -2
openat(fd=-100,path=/usr/lib/locale/C.utf8/LC_CTYPE,fd2=-1,path2=,flags=524288) -> 4
newfstatat(fd=-100,path=/home/divikchotani.linux/koala/,fd2=-1,path2=,flags=0) -> 0
openat(fd=-100,path=/home/divikchotani.linux/koala/,fd2=-1,path2=,flags=575744) -> 4
fcntl(fd=4,cmd=3,arg=0) -> 182272
fcntl(fd=4,cmd=2,arg=1) -> 0
fcntl(fd=4,cmd=1030,arg=3) -> 5
newfstatat(fd=5,path=ci-cd,fd2=-1,path2=,flags=0) -> 0
fcntl(fd=5,cmd=1030,arg=0) -> 4
openat(fd=5,path=ci-cd,fd2=-1,path2=,flags=575744) -> 6
fcntl(fd=6,cmd=3,arg=0) -> 182272
fcntl(fd=6,cmd=2,arg=1) -> 0
fcntl(fd=6,cmd=1030,arg=3) -> 7
fcntl(fd=7,cmd=1030,arg=0) -> 4
newfstatat(fd=7,path=makeself,fd2=-1,path2=,flags=0) -> 0
openat(fd=7,path=makeself,fd2=-1,path2=,flags=575744) -> 6
fcntl(fd=6,cmd=3,arg=0) -> 182272
fcntl(fd=6,cmd=2,arg=1) -> 0
fcntl(fd=6,cmd=1030,arg=3) -> 8
fcntl(fd=8,cmd=1030,arg=0) -> 4
newfstatat(fd=8,path=test,fd2=-1,path2=,flags=0) -> 0
openat(fd=8,path=test,fd2=-1,path2=,flags=575744) -> 6
fcntl(fd=6,cmd=3,arg=0) -> 182272
fcntl(fd=6,cmd=2,arg=1) -> 0
fcntl(fd=6,cmd=1030,arg=3) -> 9
newfstatat(fd=9,path=infotest,fd2=-1,path2=,flags=0) -> 0
fcntl(fd=9,cmd=1030,arg=0) -> 4
openat(fd=9,path=infotest,fd2=-1,path2=,flags=575744) -> 6
fcntl(fd=6,cmd=3,arg=0) -> 182272
fcntl(fd=6,cmd=2,arg=1) -> 0
fcntl(fd=6,cmd=1030,arg=3) -> 10
fcntl(fd=10,cmd=1030,arg=0) -> 4
fcntl(fd=9,cmd=1030,arg=0) -> 4
newfstatat(fd=9,path=datetest,fd2=-1,path2=,flags=0) -> 0
openat(fd=9,path=datetest,fd2=-1,path2=,flags=575744) -> 6
fcntl(fd=6,cmd=3,arg=0) -> 182272
fcntl(fd=6,cmd=2,arg=1) -> 0
fcntl(fd=6,cmd=1030,arg=3) -> 10
fcntl(fd=10,cmd=1030,arg=0) -> 4
fcntl(fd=9,cmd=1030,arg=0) -> 4
newfstatat(fd=9,path=nochecktest,fd2=-1,path2=,flags=0) -> 0
openat(fd=9,path=nochecktest,fd2=-1,path2=,flags=575744) -> 6
fcntl(fd=6,cmd=3,arg=0) -> 182272
fcntl(fd=6,cmd=2,arg=1) -> 0
fcntl(fd=6,cmd=1030,arg=3) -> 10
fcntl(fd=10,cmd=1030,arg=0) -> 4
fcntl(fd=9,cmd=1030,arg=0) -> 4
newfstatat(fd=9,path=lsmtest,fd2=-1,path2=,flags=0) -> 0
openat(fd=9,path=lsmtest,fd2=-1,path2=,flags=575744) -> 6
fcntl(fd=6,cmd=3,arg=0) -> 182272
fcntl(fd=6,cmd=2,arg=1) -> 0
fcntl(fd=6,cmd=1030,arg=3) -> 10
fcntl(fd=10,cmd=1030,arg=0) -> 4
fcntl(fd=9,cmd=1030,arg=0) -> 4
newfstatat(fd=9,path=tarextratest,fd2=-1,path2=,flags=0) -> 0
openat(fd=9,path=tarextratest,fd2=-1,path2=,flags=575744) -> 6
fcntl(fd=6,cmd=3,arg=0) -> 182272
fcntl(fd=6,cmd=2,arg=1) -> 0
fcntl(fd=6,cmd=1030,arg=3) -> 10
fcntl(fd=10,cmd=1030,arg=0) -> 4
fcntl(fd=9,cmd=1030,arg=0) -> 4
newfstatat(fd=9,path=variabletest,fd2=-1,path2=,flags=0) -> 0
openat(fd=9,path=variabletest,fd2=-1,path2=,flags=575744) -> 6
fcntl(fd=6,cmd=3,arg=0) -> 182272
fcntl(fd=6,cmd=2,arg=1) -> 0
fcntl(fd=6,cmd=1030,arg=3) -> 10
fcntl(fd=10,cmd=1030,arg=0) -> 4
fcntl(fd=9,cmd=1030,arg=0) -> 4
newfstatat(fd=9,path=signtest,fd2=-1,path2=,flags=0) -> 0
openat(fd=9,path=signtest,fd2=-1,path2=,flags=575744) -> 6
fcntl(fd=6,cmd=3,arg=0) -> 182272
fcntl(fd=6,cmd=2,arg=1) -> 0
fcntl(fd=6,cmd=1030,arg=3) -> 10
fcntl(fd=10,cmd=1030,arg=0) -> 4
fcntl(fd=9,cmd=1030,arg=0) -> 4
newfstatat(fd=9,path=corrupttest,fd2=-1,path2=,flags=0) -> 0
openat(fd=9,path=corrupttest,fd2=-1,path2=,flags=575744) -> 6
fcntl(fd=6,cmd=3,arg=0) -> 182272
fcntl(fd=6,cmd=2,arg=1) -> 0
fcntl(fd=6,cmd=1030,arg=3) -> 10
fcntl(fd=10,cmd=1030,arg=0) -> 4
fcntl(fd=9,cmd=1030,arg=0) -> 4
newfstatat(fd=9,path=appendtest,fd2=-1,path2=,flags=0) -> 0
openat(fd=9,path=appendtest,fd2=-1,path2=,flags=575744) -> 6
fcntl(fd=6,cmd=3,arg=0) -> 182272
fcntl(fd=6,cmd=2,arg=1) -> 0
fcntl(fd=6,cmd=1030,arg=3) -> 10
fcntl(fd=10,cmd=1030,arg=0) -> 4
fcntl(fd=9,cmd=1030,arg=0) -> 4
newfstatat(fd=9,path=preextracttest,fd2=-1,path2=,flags=0) -> 0
openat(fd=9,path=preextracttest,fd2=-1,path2=,flags=575744) -> 6
fcntl(fd=6,cmd=3,arg=0) -> 182272
fcntl(fd=6,cmd=2,arg=1) -> 0
fcntl(fd=6,cmd=1030,arg=3) -> 10
fcntl(fd=10,cmd=1030,arg=0) -> 4
fcntl(fd=9,cmd=1030,arg=0) -> 4
newfstatat(fd=9,path=extracttest,fd2=-1,path2=,flags=0) -> 0
openat(fd=9,path=extracttest,fd2=-1,path2=,flags=575744) -> 6
fcntl(fd=6,cmd=3,arg=0) -> 182272
fcntl(fd=6,cmd=2,arg=1) -> 0
fcntl(fd=6,cmd=1030,arg=3) -> 10
fcntl(fd=10,cmd=1030,arg=0) -> 4
fcntl(fd=9,cmd=1030,arg=0) -> 4
fcntl(fd=8,cmd=1030,arg=0) -> 4
fcntl(fd=7,cmd=1030,arg=0) -> 4
newfstatat(fd=7,path=riker,fd2=-1,path2=,flags=0) -> 0
openat(fd=7,path=riker,fd2=-1,path2=,flags=575744) -> 6
fcntl(fd=6,cmd=3,arg=0) -> 182272
fcntl(fd=6,cmd=2,arg=1) -> 0
fcntl(fd=6,cmd=1030,arg=3) -> 8
newfstatat(fd=8,path=xz-clang,fd2=-1,path2=,flags=0) -> 0
fcntl(fd=8,cmd=1030,arg=0) -> 4
openat(fd=8,path=xz-clang,fd2=-1,path2=,flags=575744) -> 6
fcntl(fd=6,cmd=3,arg=0) -> 182272
fcntl(fd=6,cmd=2,arg=1) -> 0
fcntl(fd=6,cmd=1030,arg=3) -> 9
fcntl(fd=9,cmd=1030,arg=0) -> 4
fcntl(fd=8,cmd=1030,arg=0) -> 4
newfstatat(fd=8,path=memcached,fd2=-1,path2=,flags=0) -> 0
openat(fd=8,path=memcached,fd2=-1,path2=,flags=575744) -> 6
fcntl(fd=6,cmd=3,arg=0) -> 182272
fcntl(fd=6,cmd=2,arg=1) -> 0
fcntl(fd=6,cmd=1030,arg=3) -> 9
fcntl(fd=9,cmd=1030,arg=0) -> 4
fcntl(fd=8,cmd=1030,arg=0) -> 4
newfstatat(fd=8,path=lsof,fd2=-1,path2=,flags=0) -> 0
openat(fd=8,path=lsof,fd2=-1,path2=,flags=575744) -> 6
fcntl(fd=6,cmd=3,arg=0) -> 182272
fcntl(fd=6,cmd=2,arg=1) -> 0
fcntl(fd=6,cmd=1030,arg=3) -> 9
fcntl(fd=9,cmd=1030,arg=0) -> 4
fcntl(fd=8,cmd=1030,arg=0) -> 4
newfstatat(fd=8,path=xz,fd2=-1,path2=,flags=0) -> 0
openat(fd=8,path=xz,fd2=-1,path2=,flags=575744) -> 6
fcntl(fd=6,cmd=3,arg=0) -> 182272
fcntl(fd=6,cmd=2,arg=1) -> 0
fcntl(fd=6,cmd=1030,arg=3) -> 9
fcntl(fd=9,cmd=1030,arg=0) -> 4
fcntl(fd=8,cmd=1030,arg=0) -> 4
newfstatat(fd=8,path=redis,fd2=-1,path2=,flags=0) -> 0
openat(fd=8,path=redis,fd2=-1,path2=,flags=575744) -> 6
fcntl(fd=6,cmd=3,arg=0) -> 182272
fcntl(fd=6,cmd=2,arg=1) -> 0
fcntl(fd=6,cmd=1030,arg=3) -> 9
fcntl(fd=9,cmd=1030,arg=0) -> 4
fcntl(fd=8,cmd=1030,arg=0) -> 4
newfstatat(fd=8,path=sqlite,fd2=-1,path2=,flags=0) -> 0
openat(fd=8,path=sqlite,fd2=-1,path2=,flags=575744) -> 6
fcntl(fd=6,cmd=3,arg=0) -> 182272
fcntl(fd=6,cmd=2,arg=1) -> 0
fcntl(fd=6,cmd=1030,arg=3) -> 9
fcntl(fd=9,cmd=1030,arg=0) -> 4
newfstatat(fd=9,path=data,fd2=-1,path2=,flags=0) -> 0
openat(fd=9,path=data,fd2=-1,path2=,flags=575744) -> 6
fcntl(fd=6,cmd=3,arg=0) -> 182272
fcntl(fd=6,cmd=2,arg=1) -> 0
fcntl(fd=6,cmd=1030,arg=3) -> 10
fcntl(fd=10,cmd=1030,arg=0) -> 4
fcntl(fd=9,cmd=1030,arg=0) -> 4
fcntl(fd=8,cmd=1030,arg=0) -> 4
newfstatat(fd=8,path=lua,fd2=-1,path2=,flags=0) -> 0
openat(fd=8,path=lua,fd2=-1,path2=,flags=575744) -> 6
fcntl(fd=6,cmd=3,arg=0) -> 182272
fcntl(fd=6,cmd=2,arg=1) -> 0
fcntl(fd=6,cmd=1030,arg=3) -> 9
fcntl(fd=9,cmd=1030,arg=0) -> 4
fcntl(fd=8,cmd=1030,arg=0) -> 4
newfstatat(fd=8,path=vim,fd2=-1,path2=,flags=0) -> 0
openat(fd=8,path=vim,fd2=-1,path2=,flags=575744) -> 6
fcntl(fd=6,cmd=3,arg=0) -> 182272
fcntl(fd=6,cmd=2,arg=1) -> 0
fcntl(fd=6,cmd=1030,arg=3) -> 9
fcntl(fd=9,cmd=1030,arg=0) -> 4
fcntl(fd=8,cmd=1030,arg=0) -> 4
fcntl(fd=7,cmd=1030,arg=0) -> 4
fcntl(fd=5,cmd=1030,arg=0) -> 4
newfstatat(fd=5,path=bio,fd2=-1,path2=,flags=0) -> 0
openat(fd=5,path=bio,fd2=-1,path2=,flags=575744) -> 6
fcntl(fd=6,cmd=3,arg=0) -> 182272
fcntl(fd=6,cmd=2,arg=1) -> 0
fcntl(fd=6,cmd=1030,arg=3) -> 7
newfstatat(fd=7,path=min_inputs,fd2=-1,path2=,flags=0) -> 0
fcntl(fd=7,cmd=1030,arg=0) -> 4
openat(fd=7,path=min_inputs,fd2=-1,path2=,flags=575744) -> 6
fcntl(fd=6,cmd=3,arg=0) -> 182272
fcntl(fd=6,cmd=2,arg=1) -> 0
fcntl(fd=6,cmd=1030,arg=3) -> 8
fcntl(fd=8,cmd=1030,arg=0) -> 4
fcntl(fd=7,cmd=1030,arg=0) -> 4
newfstatat(fd=7,path=hashes,fd2=-1,path2=,flags=0) -> 0
openat(fd=7,path=hashes,fd2=-1,path2=,flags=575744) -> 6
fcntl(fd=6,cmd=3,arg=0) -> 182272
fcntl(fd=6,cmd=2,arg=1) -> 0
fcntl(fd=6,cmd=1030,arg=3) -> 8
newfstatat(fd=8,path=small,fd2=-1,path2=,flags=0) -> 0
fcntl(fd=8,cmd=1030,arg=0) -> 4
openat(fd=8,path=small,fd2=-1,path2=,flags=575744) -> 6
fcntl(fd=6,cmd=3,arg=0) -> 182272
fcntl(fd=6,cmd=2,arg=1) -> 0
fcntl(fd=6,cmd=1030,arg=3) -> 9
fcntl(fd=9,cmd=1030,arg=0) -> 4
fcntl(fd=8,cmd=1030,arg=0) -> 4
newfstatat(fd=8,path=full,fd2=-1,path2=,flags=0) -> 0
openat(fd=8,path=full,fd2=-1,path2=,flags=575744) -> 6
fcntl(fd=6,cmd=3,arg=0) -> 182272
fcntl(fd=6,cmd=2,arg=1) -> 0
fcntl(fd=6,cmd=1030,arg=3) -> 9
fcntl(fd=9,cmd=1030,arg=0) -> 4
fcntl(fd=8,cmd=1030,arg=0) -> 4
newfstatat(fd=8,path=min,fd2=-1,path2=,flags=0) -> 0
openat(fd=8,path=min,fd2=-1,path2=,flags=575744) -> 6
fcntl(fd=6,cmd=3,arg=0) -> 182272
fcntl(fd=6,cmd=2,arg=1) -> 0
fcntl(fd=6,cmd=1030,arg=3) -> 9
fcntl(fd=9,cmd=1030,arg=0) -> 4
fcntl(fd=8,cmd=1030,arg=0) -> 4
fcntl(fd=7,cmd=1030,arg=0) -> 4
newfstatat(fd=7,path=utils,fd2=-1,path2=,flags=0) -> 0
openat(fd=7,path=utils,fd2=-1,path2=,flags=575744) -> 6
fcntl(fd=6,cmd=3,arg=0) -> 182272
fcntl(fd=6,cmd=2,arg=1) -> 0
fcntl(fd=6,cmd=1030,arg=3) -> 8
fcntl(fd=8,cmd=1030,arg=0) -> 4
fcntl(fd=7,cmd=1030,arg=0) -> 4
newfstatat(fd=7,path=scripts,fd2=-1,path2=,flags=0) -> 0
openat(fd=7,path=scripts,fd2=-1,path2=,flags=575744) -> 6
fcntl(fd=6,cmd=3,arg=0) -> 182272
fcntl(fd=6,cmd=2,arg=1) -> 0
fcntl(fd=6,cmd=1030,arg=3) -> 8
fcntl(fd=8,cmd=1030,arg=0) -> 4
fcntl(fd=7,cmd=1030,arg=0) -> 4
fcntl(fd=5,cmd=1030,arg=0) -> 4
newfstatat(fd=5,path=analytics,fd2=-1,path2=,flags=0) -> 0
openat(fd=5,path=analytics,fd2=-1,path2=,flags=575744) -> 6
fcntl(fd=6,cmd=3,arg=0) -> 182272
fcntl(fd=6,cmd=2,arg=1) -> 0
fcntl(fd=6,cmd=1030,arg=3) -> 7
newfstatat(fd=7,path=min_inputs,fd2=-1,path2=,flags=0) -> 0
fcntl(fd=7,cmd=1030,arg=0) -> 4
openat(fd=7,path=min_inputs,fd2=-1,path2=,flags=575744) -> 6
fcntl(fd=6,cmd=3,arg=0) -> 182272
fcntl(fd=6,cmd=2,arg=1) -> 0
fcntl(fd=6,cmd=1030,arg=3) -> 8
newfstatat(fd=8,path=pcaps,fd2=-1,path2=,flags=0) -> 0
fcntl(fd=8,cmd=1030,arg=0) -> 4
openat(fd=8,path=pcaps,fd2=-1,path2=,flags=575744) -> 6
fcntl(fd=6,cmd=3,arg=0) -> 182272
fcntl(fd=6,cmd=2,arg=1) -> 0
fcntl(fd=6,cmd=1030,arg=3) -> 9
fcntl(fd=9,cmd=1030,arg=0) -> 4
fcntl(fd=8,cmd=1030,arg=0) -> 4
newfstatat(fd=8,path=nginx-logs,fd2=-1,path2=,flags=0) -> 0
openat(fd=8,path=nginx-logs,fd2=-1,path2=,flags=575744) -> 6
fcntl(fd=6,cmd=3,arg=0) -> 182272
fcntl(fd=6,cmd=2,arg=1) -> 0
fcntl(fd=6,cmd=1030,arg=3) -> 9
fcntl(fd=9,cmd=1030,arg=0) -> 4
fcntl(fd=8,cmd=1030,arg=0) -> 4
fcntl(fd=7,cmd=1030,arg=0) -> 4
newfstatat(fd=7,path=hashes,fd2=-1,path2=,flags=0) -> 0
openat(fd=7,path=hashes,fd2=-1,path2=,flags=575744) -> 6
fcntl(fd=6,cmd=3,arg=0) -> 182272
fcntl(fd=6,cmd=2,arg=1) -> 0
fcntl(fd=6,cmd=1030,arg=3) -> 8
fcntl(fd=8,cmd=1030,arg=0) -> 4
fcntl(fd=7,cmd=1030,arg=0) -> 4
newfstatat(fd=7,path=scripts,fd2=-1,path2=,flags=0) -> 0
openat(fd=7,path=scripts,fd2=-1,path2=,flags=575744) -> 6
fcntl(fd=6,cmd=3,arg=0) -> 182272
fcntl(fd=6,cmd=2,arg=1) -> 0
fcntl(fd=6,cmd=1030,arg=3) -> 8
fcntl(fd=8,cmd=1030,arg=0) -> 4
fcntl(fd=7,cmd=1030,arg=0) -> 4
fcntl(fd=5,cmd=1030,arg=0) -> 4
newfstatat(fd=5,path=web-search,fd2=-1,path2=,flags=0) -> 0
openat(fd=5,path=web-search,fd2=-1,path2=,flags=575744) -> 6
fcntl(fd=6,cmd=3,arg=0) -> 182272
fcntl(fd=6,cmd=2,arg=1) -> 0
fcntl(fd=6,cmd=1030,arg=3) -> 7
fcntl(fd=7,cmd=1030,arg=0) -> 4
newfstatat(fd=7,path=scripts,fd2=-1,path2=,flags=0) -> 0
openat(fd=7,path=scripts,fd2=-1,path2=,flags=575744) -> 6
fcntl(fd=6,cmd=3,arg=0) -> 182272
fcntl(fd=6,cmd=2,arg=1) -> 0
fcntl(fd=6,cmd=1030,arg=3) -> 8
fcntl(fd=8,cmd=1030,arg=0) -> 4
newfstatat(fd=8,path=c,fd2=-1,path2=,flags=0) -> 0
openat(fd=8,path=c,fd2=-1,path2=,flags=575744) -> 6
fcntl(fd=6,cmd=3,arg=0) -> 182272
fcntl(fd=6,cmd=2,arg=1) -> 0
fcntl(fd=6,cmd=1030,arg=3) -> 9
fcntl(fd=9,cmd=1030,arg=0) -> 4
fcntl(fd=8,cmd=1030,arg=0) -> 4
fcntl(fd=7,cmd=1030,arg=0) -> 4
fcntl(fd=5,cmd=1030,arg=0) -> 4
newfstatat(fd=5,path=pkg,fd2=-1,path2=,flags=0) -> 0
openat(fd=5,path=pkg,fd2=-1,path2=,flags=575744) -> 6
fcntl(fd=6,cmd=3,arg=0) -> 182272
fcntl(fd=6,cmd=2,arg=1) -> 0
fcntl(fd=6,cmd=1030,arg=3) -> 7
fcntl(fd=7,cmd=1030,arg=0) -> 4
newfstatat(fd=7,path=hashes,fd2=-1,path2=,flags=0) -> 0
openat(fd=7,path=hashes,fd2=-1,path2=,flags=575744) -> 6
fcntl(fd=6,cmd=3,arg=0) -> 182272
fcntl(fd=6,cmd=2,arg=1) -> 0
fcntl(fd=6,cmd=1030,arg=3) -> 8
newfstatat(fd=8,path=small,fd2=-1,path2=,flags=0) -> 0
fcntl(fd=8,cmd=1030,arg=0) -> 4
openat(fd=8,path=small,fd2=-1,path2=,flags=575744) -> 6
fcntl(fd=6,cmd=3,arg=0) -> 182272
fcntl(fd=6,cmd=2,arg=1) -> 0
fcntl(fd=6,cmd=1030,arg=3) -> 9
fcntl(fd=9,cmd=1030,arg=0) -> 4
fcntl(fd=8,cmd=1030,arg=0) -> 4
newfstatat(fd=8,path=full,fd2=-1,path2=,flags=0) -> 0
openat(fd=8,path=full,fd2=-1,path2=,flags=575744) -> 6
fcntl(fd=6,cmd=3,arg=0) -> 182272
fcntl(fd=6,cmd=2,arg=1) -> 0
fcntl(fd=6,cmd=1030,arg=3) -> 9
fcntl(fd=9,cmd=1030,arg=0) -> 4
fcntl(fd=8,cmd=1030,arg=0) -> 4
newfstatat(fd=8,path=min,fd2=-1,path2=,flags=0) -> 0
openat(fd=8,path=min,fd2=-1,path2=,flags=575744) -> 6
fcntl(fd=6,cmd=3,arg=0) -> 182272
fcntl(fd=6,cmd=2,arg=1) -> 0
fcntl(fd=6,cmd=1030,arg=3) -> 9
fcntl(fd=9,cmd=1030,arg=0) -> 4
fcntl(fd=8,cmd=1030,arg=0) -> 4
fcntl(fd=7,cmd=1030,arg=0) -> 4
newfstatat(fd=7,path=scripts,fd2=-1,path2=,flags=0) -> 0
openat(fd=7,path=scripts,fd2=-1,path2=,flags=575744) -> 6
fcntl(fd=6,cmd=3,arg=0) -> 182272
fcntl(fd=6,cmd=2,arg=1) -> 0
fcntl(fd=6,cmd=1030,arg=3) -> 8
fcntl(fd=8,cmd=1030,arg=0) -> 4
fcntl(fd=7,cmd=1030,arg=0) -> 4
fcntl(fd=5,cmd=1030,arg=0) -> 4
newfstatat(fd=5,path=weather,fd2=-1,path2=,flags=0) -> 0
openat(fd=5,path=weather,fd2=-1,path2=,flags=575744) -> 6
fcntl(fd=6,cmd=3,arg=0) -> 182272
fcntl(fd=6,cmd=2,arg=1) -> 0
fcntl(fd=6,cmd=1030,arg=3) -> 7
newfstatat(fd=7,path=correct-results,fd2=-1,path2=,flags=0) -> 0
fcntl(fd=7,cmd=1030,arg=0) -> 4
openat(fd=7,path=correct-results,fd2=-1,path2=,flags=575744) -> 6
fcntl(fd=6,cmd=3,arg=0) -> 182272
fcntl(fd=6,cmd=2,arg=1) -> 0
fcntl(fd=6,cmd=1030,arg=3) -> 8
newfstatat(fd=8,path=statistics.full,fd2=-1,path2=,flags=0) -> 0
fcntl(fd=8,cmd=1030,arg=0) -> 4
openat(fd=8,path=statistics.full,fd2=-1,path2=,flags=575744) -> 6
fcntl(fd=6,cmd=3,arg=0) -> 182272
fcntl(fd=6,cmd=2,arg=1) -> 0
fcntl(fd=6,cmd=1030,arg=3) -> 9
fcntl(fd=9,cmd=1030,arg=0) -> 4
fcntl(fd=8,cmd=1030,arg=0) -> 4
newfstatat(fd=8,path=statistics.small,fd2=-1,path2=,flags=0) -> 0
openat(fd=8,path=statistics.small,fd2=-1,path2=,flags=575744) -> 6
fcntl(fd=6,cmd=3,arg=0) -> 182272
fcntl(fd=6,cmd=2,arg=1) -> 0
fcntl(fd=6,cmd=1030,arg=3) -> 9
fcntl(fd=9,cmd=1030,arg=0) -> 4
fcntl(fd=8,cmd=1030,arg=0) -> 4
newfstatat(fd=8,path=statistics.min,fd2=-1,path2=,flags=0) -> 0
openat(fd=8,path=statistics.min,fd2=-1,path2=,flags=575744) -> 6
fcntl(fd=6,cmd=3,arg=0) -> 182272
fcntl(fd=6,cmd=2,arg=1) -> 0
fcntl(fd=6,cmd=1030,arg=3) -> 9
fcntl(fd=9,cmd=1030,arg=0) -> 4
fcntl(fd=8,cmd=1030,arg=0) -> 4
fcntl(fd=7,cmd=1030,arg=0) -> 4
newfstatat(fd=7,path=min_inputs,fd2=-1,path2=,flags=0) -> 0
openat(fd=7,path=min_inputs,fd2=-1,path2=,flags=575744) -> 6
fcntl(fd=6,cmd=3,arg=0) -> 182272
fcntl(fd=6,cmd=2,arg=1) -> 0
fcntl(fd=6,cmd=1030,arg=3) -> 8
fcntl(fd=8,cmd=1030,arg=0) -> 4
fcntl(fd=7,cmd=1030,arg=0) -> 4
newfstatat(fd=7,path=hashes,fd2=-1,path2=,flags=0) -> 0
openat(fd=7,path=hashes,fd2=-1,path2=,flags=575744) -> 6
fcntl(fd=6,cmd=3,arg=0) -> 182272
fcntl(fd=6,cmd=2,arg=1) -> 0
fcntl(fd=6,cmd=1030,arg=3) -> 8
newfstatat(fd=8,path=small,fd2=-1,path2=,flags=0) -> 0
fcntl(fd=8,cmd=1030,arg=0) -> 4
openat(fd=8,path=small,fd2=-1,path2=,flags=575744) -> 6
fcntl(fd=6,cmd=3,arg=0) -> 182272
fcntl(fd=6,cmd=2,arg=1) -> 0
fcntl(fd=6,cmd=1030,arg=3) -> 9
fcntl(fd=9,cmd=1030,arg=0) -> 4
fcntl(fd=8,cmd=1030,arg=0) -> 4
newfstatat(fd=8,path=min,fd2=-1,path2=,flags=0) -> 0
openat(fd=8,path=min,fd2=-1,path2=,flags=575744) -> 6
fcntl(fd=6,cmd=3,arg=0) -> 182272
fcntl(fd=6,cmd=2,arg=1) -> 0
fcntl(fd=6,cmd=1030,arg=3) -> 9
fcntl(fd=9,cmd=1030,arg=0) -> 4
fcntl(fd=8,cmd=1030,arg=0) -> 4
fcntl(fd=7,cmd=1030,arg=0) -> 4
newfstatat(fd=7,path=scripts,fd2=-1,path2=,flags=0) -> 0
openat(fd=7,path=scripts,fd2=-1,path2=,flags=575744) -> 6
fcntl(fd=6,cmd=3,arg=0) -> 182272
fcntl(fd=6,cmd=2,arg=1) -> 0
fcntl(fd=6,cmd=1030,arg=3) -> 8
fcntl(fd=8,cmd=1030,arg=0) -> 4
fcntl(fd=7,cmd=1030,arg=0) -> 4
fcntl(fd=5,cmd=1030,arg=0) -> 4
newfstatat(fd=5,path=file-mod,fd2=-1,path2=,flags=0) -> 0
openat(fd=5,path=file-mod,fd2=-1,path2=,flags=575744) -> 6
fcntl(fd=6,cmd=3,arg=0) -> 182272
fcntl(fd=6,cmd=2,arg=1) -> 0
fcntl(fd=6,cmd=1030,arg=3) -> 7
newfstatat(fd=7,path=min_inputs,fd2=-1,path2=,flags=0) -> 0
fcntl(fd=7,cmd=1030,arg=0) -> 4
openat(fd=7,path=min_inputs,fd2=-1,path2=,flags=575744) -> 6
fcntl(fd=6,cmd=3,arg=0) -> 182272
fcntl(fd=6,cmd=2,arg=1) -> 0
fcntl(fd=6,cmd=1030,arg=3) -> 8
newfstatat(fd=8,path=jpg_min,fd2=-1,path2=,flags=0) -> 0
fcntl(fd=8,cmd=1030,arg=0) -> 4
openat(fd=8,path=jpg_min,fd2=-1,path2=,flags=575744) -> 6
fcntl(fd=6,cmd=3,arg=0) -> 182272
fcntl(fd=6,cmd=2,arg=1) -> 0
fcntl(fd=6,cmd=1030,arg=3) -> 9
newfstatat(fd=9,path=jpg,fd2=-1,path2=,flags=0) -> 0
fcntl(fd=9,cmd=1030,arg=0) -> 4
openat(fd=9,path=jpg,fd2=-1,path2=,flags=575744) -> 6
fcntl(fd=6,cmd=3,arg=0) -> 182272
fcntl(fd=6,cmd=2,arg=1) -> 0
fcntl(fd=6,cmd=1030,arg=3) -> 10
fcntl(fd=10,cmd=1030,arg=0) -> 4
fcntl(fd=9,cmd=1030,arg=0) -> 4
fcntl(fd=8,cmd=1030,arg=0) -> 4
fcntl(fd=7,cmd=1030,arg=0) -> 4
newfstatat(fd=7,path=hashes,fd2=-1,path2=,flags=0) -> 0
openat(fd=7,path=hashes,fd2=-1,path2=,flags=575744) -> 6
fcntl(fd=6,cmd=3,arg=0) -> 182272
fcntl(fd=6,cmd=2,arg=1) -> 0
fcntl(fd=6,cmd=1030,arg=3) -> 8
fcntl(fd=8,cmd=1030,arg=0) -> 4
fcntl(fd=7,cmd=1030,arg=0) -> 4
newfstatat(fd=7,path=scripts,fd2=-1,path2=,flags=0) -> 0
openat(fd=7,path=scripts,fd2=-1,path2=,flags=575744) -> 6
fcntl(fd=6,cmd=3,arg=0) -> 182272
fcntl(fd=6,cmd=2,arg=1) -> 0
fcntl(fd=6,cmd=1030,arg=3) -> 8
fcntl(fd=8,cmd=1030,arg=0) -> 4
fcntl(fd=7,cmd=1030,arg=0) -> 4
fcntl(fd=5,cmd=1030,arg=0) -> 4
newfstatat(fd=5,path=repl,fd2=-1,path2=,flags=0) -> 0
openat(fd=5,path=repl,fd2=-1,path2=,flags=575744) -> 6
fcntl(fd=6,cmd=3,arg=0) -> 182272
fcntl(fd=6,cmd=2,arg=1) -> 0
fcntl(fd=6,cmd=1030,arg=3) -> 7
fcntl(fd=7,cmd=1030,arg=0) -> 4
newfstatat(fd=7,path=utils,fd2=-1,path2=,flags=0) -> 0
openat(fd=7,path=utils,fd2=-1,path2=,flags=575744) -> 6
fcntl(fd=6,cmd=3,arg=0) -> 182272
fcntl(fd=6,cmd=2,arg=1) -> 0
fcntl(fd=6,cmd=1030,arg=3) -> 8
fcntl(fd=8,cmd=1030,arg=0) -> 4
fcntl(fd=7,cmd=1030,arg=0) -> 4
newfstatat(fd=7,path=hash,fd2=-1,path2=,flags=0) -> 0
openat(fd=7,path=hash,fd2=-1,path2=,flags=575744) -> 6
fcntl(fd=6,cmd=3,arg=0) -> 182272
fcntl(fd=6,cmd=2,arg=1) -> 0
fcntl(fd=6,cmd=1030,arg=3) -> 8
fcntl(fd=8,cmd=1030,arg=0) -> 4
fcntl(fd=7,cmd=1030,arg=0) -> 4
newfstatat(fd=7,path=scripts,fd2=-1,path2=,flags=0) -> 0
openat(fd=7,path=scripts,fd2=-1,path2=,flags=575744) -> 6
fcntl(fd=6,cmd=3,arg=0) -> 182272
fcntl(fd=6,cmd=2,arg=1) -> 0
fcntl(fd=6,cmd=1030,arg=3) -> 8
fcntl(fd=8,cmd=1030,arg=0) -> 4
fcntl(fd=7,cmd=1030,arg=0) -> 4
fcntl(fd=5,cmd=1030,arg=0) -> 4
newfstatat(fd=5,path=covid,fd2=-1,path2=,flags=0) -> 0
openat(fd=5,path=covid,fd2=-1,path2=,flags=575744) -> 6
fcntl(fd=6,cmd=3,arg=0) -> 182272
fcntl(fd=6,cmd=2,arg=1) -> 0
fcntl(fd=6,cmd=1030,arg=3) -> 7
newfstatat(fd=7,path=min_inputs,fd2=-1,path2=,flags=0) -> 0
fcntl(fd=7,cmd=1030,arg=0) -> 4
openat(fd=7,path=min_inputs,fd2=-1,path2=,flags=575744) -> 6
fcntl(fd=6,cmd=3,arg=0) -> 182272
fcntl(fd=6,cmd=2,arg=1) -> 0
fcntl(fd=6,cmd=1030,arg=3) -> 8
fcntl(fd=8,cmd=1030,arg=0) -> 4
fcntl(fd=7,cmd=1030,arg=0) -> 4
newfstatat(fd=7,path=hashes,fd2=-1,path2=,flags=0) -> 0
openat(fd=7,path=hashes,fd2=-1,path2=,flags=575744) -> 6
fcntl(fd=6,cmd=3,arg=0) -> 182272
fcntl(fd=6,cmd=2,arg=1) -> 0
fcntl(fd=6,cmd=1030,arg=3) -> 8
fcntl(fd=8,cmd=1030,arg=0) -> 4
fcntl(fd=7,cmd=1030,arg=0) -> 4
newfstatat(fd=7,path=scripts,fd2=-1,path2=,flags=0) -> 0
openat(fd=7,path=scripts,fd2=-1,path2=,flags=575744) -> 6
fcntl(fd=6,cmd=3,arg=0) -> 182272
fcntl(fd=6,cmd=2,arg=1) -> 0
fcntl(fd=6,cmd=1030,arg=3) -> 8
fcntl(fd=8,cmd=1030,arg=0) -> 4
fcntl(fd=7,cmd=1030,arg=0) -> 4
fcntl(fd=5,cmd=1030,arg=0) -> 4
newfstatat(fd=5,path=oneliners,fd2=-1,path2=,flags=0) -> 0
openat(fd=5,path=oneliners,fd2=-1,path2=,flags=575744) -> 6
fcntl(fd=6,cmd=3,arg=0) -> 182272
fcntl(fd=6,cmd=2,arg=1) -> 0
fcntl(fd=6,cmd=1030,arg=3) -> 7
fcntl(fd=7,cmd=1030,arg=0) -> 4
newfstatat(fd=7,path=hashes,fd2=-1,path2=,flags=0) -> 0
openat(fd=7,path=hashes,fd2=-1,path2=,flags=575744) -> 6
fcntl(fd=6,cmd=3,arg=0) -> 182272
fcntl(fd=6,cmd=2,arg=1) -> 0
fcntl(fd=6,cmd=1030,arg=3) -> 8
newfstatat(fd=8,path=small,fd2=-1,path2=,flags=0) -> 0
fcntl(fd=8,cmd=1030,arg=0) -> 4
openat(fd=8,path=small,fd2=-1,path2=,flags=575744) -> 6
fcntl(fd=6,cmd=3,arg=0) -> 182272
fcntl(fd=6,cmd=2,arg=1) -> 0
fcntl(fd=6,cmd=1030,arg=3) -> 9
fcntl(fd=9,cmd=1030,arg=0) -> 4
fcntl(fd=8,cmd=1030,arg=0) -> 4
newfstatat(fd=8,path=full,fd2=-1,path2=,flags=0) -> 0
openat(fd=8,path=full,fd2=-1,path2=,flags=575744) -> 6
fcntl(fd=6,cmd=3,arg=0) -> 182272
fcntl(fd=6,cmd=2,arg=1) -> 0
fcntl(fd=6,cmd=1030,arg=3) -> 9
fcntl(fd=9,cmd=1030,arg=0) -> 4
fcntl(fd=8,cmd=1030,arg=0) -> 4
newfstatat(fd=8,path=min,fd2=-1,path2=,flags=0) -> 0
openat(fd=8,path=min,fd2=-1,path2=,flags=575744) -> 6
fcntl(fd=6,cmd=3,arg=0) -> 182272
fcntl(fd=6,cmd=2,arg=1) -> 0
fcntl(fd=6,cmd=1030,arg=3) -> 9
fcntl(fd=9,cmd=1030,arg=0) -> 4
fcntl(fd=8,cmd=1030,arg=0) -> 4
fcntl(fd=7,cmd=1030,arg=0) -> 4
newfstatat(fd=7,path=scripts,fd2=-1,path2=,flags=0) -> 0
openat(fd=7,path=scripts,fd2=-1,path2=,flags=575744) -> 6
fcntl(fd=6,cmd=3,arg=0) -> 182272
fcntl(fd=6,cmd=2,arg=1) -> 0
fcntl(fd=6,cmd=1030,arg=3) -> 8
fcntl(fd=8,cmd=1030,arg=0) -> 4
fcntl(fd=7,cmd=1030,arg=0) -> 4
fcntl(fd=5,cmd=1030,arg=0) -> 4
newfstatat(fd=5,path=unixfun,fd2=-1,path2=,flags=0) -> 0
openat(fd=5,path=unixfun,fd2=-1,path2=,flags=575744) -> 6
fcntl(fd=6,cmd=3,arg=0) -> 182272
fcntl(fd=6,cmd=2,arg=1) -> 0
fcntl(fd=6,cmd=1030,arg=3) -> 7
fcntl(fd=7,cmd=1030,arg=0) -> 4
newfstatat(fd=7,path=hashes,fd2=-1,path2=,flags=0) -> 0
openat(fd=7,path=hashes,fd2=-1,path2=,flags=575744) -> 6
fcntl(fd=6,cmd=3,arg=0) -> 182272
fcntl(fd=6,cmd=2,arg=1) -> 0
fcntl(fd=6,cmd=1030,arg=3) -> 8
newfstatat(fd=8,path=small,fd2=-1,path2=,flags=0) -> 0
fcntl(fd=8,cmd=1030,arg=0) -> 4
openat(fd=8,path=small,fd2=-1,path2=,flags=575744) -> 6
fcntl(fd=6,cmd=3,arg=0) -> 182272
fcntl(fd=6,cmd=2,arg=1) -> 0
fcntl(fd=6,cmd=1030,arg=3) -> 9
fcntl(fd=9,cmd=1030,arg=0) -> 4
fcntl(fd=8,cmd=1030,arg=0) -> 4
newfstatat(fd=8,path=full,fd2=-1,path2=,flags=0) -> 0
openat(fd=8,path=full,fd2=-1,path2=,flags=575744) -> 6
fcntl(fd=6,cmd=3,arg=0) -> 182272
fcntl(fd=6,cmd=2,arg=1) -> 0
fcntl(fd=6,cmd=1030,arg=3) -> 9
fcntl(fd=9,cmd=1030,arg=0) -> 4
fcntl(fd=8,cmd=1030,arg=0) -> 4
newfstatat(fd=8,path=min,fd2=-1,path2=,flags=0) -> 0
openat(fd=8,path=min,fd2=-1,path2=,flags=575744) -> 6
fcntl(fd=6,cmd=3,arg=0) -> 182272
fcntl(fd=6,cmd=2,arg=1) -> 0
fcntl(fd=6,cmd=1030,arg=3) -> 9
fcntl(fd=9,cmd=1030,arg=0) -> 4
fcntl(fd=8,cmd=1030,arg=0) -> 4
fcntl(fd=7,cmd=1030,arg=0) -> 4
newfstatat(fd=7,path=scripts,fd2=-1,path2=,flags=0) -> 0
openat(fd=7,path=scripts,fd2=-1,path2=,flags=575744) -> 6
fcntl(fd=6,cmd=3,arg=0) -> 182272
fcntl(fd=6,cmd=2,arg=1) -> 0
fcntl(fd=6,cmd=1030,arg=3) -> 8
fcntl(fd=8,cmd=1030,arg=0) -> 4
fcntl(fd=7,cmd=1030,arg=0) -> 4
fcntl(fd=5,cmd=1030,arg=0) -> 4
newfstatat(fd=5,path=infrastructure,fd2=-1,path2=,flags=0) -> 0
openat(fd=5,path=infrastructure,fd2=-1,path2=,flags=575744) -> 6
fcntl(fd=6,cmd=3,arg=0) -> 182272
fcntl(fd=6,cmd=2,arg=1) -> 0
fcntl(fd=6,cmd=1030,arg=3) -> 7
fcntl(fd=7,cmd=1030,arg=0) -> 4
newfstatat(fd=7,path=results,fd2=-1,path2=,flags=0) -> 0
openat(fd=7,path=results,fd2=-1,path2=,flags=575744) -> 6
fcntl(fd=6,cmd=3,arg=0) -> 182272
fcntl(fd=6,cmd=2,arg=1) -> 0
fcntl(fd=6,cmd=1030,arg=3) -> 8
newfstatat(fd=8,path=pdfs,fd2=-1,path2=,flags=0) -> 0
fcntl(fd=8,cmd=1030,arg=0) -> 4
openat(fd=8,path=pdfs,fd2=-1,path2=,flags=575744) -> 6
fcntl(fd=6,cmd=3,arg=0) -> 182272
fcntl(fd=6,cmd=2,arg=1) -> 0
fcntl(fd=6,cmd=1030,arg=3) -> 9
fcntl(fd=9,cmd=1030,arg=0) -> 4
fcntl(fd=8,cmd=1030,arg=0) -> 4
newfstatat(fd=8,path=txt,fd2=-1,path2=,flags=0) -> 0
openat(fd=8,path=txt,fd2=-1,path2=,flags=575744) -> 6
fcntl(fd=6,cmd=3,arg=0) -> 182272
fcntl(fd=6,cmd=2,arg=1) -> 0
fcntl(fd=6,cmd=1030,arg=3) -> 9
fcntl(fd=9,cmd=1030,arg=0) -> 4
fcntl(fd=8,cmd=1030,arg=0) -> 4
fcntl(fd=7,cmd=1030,arg=0) -> 4
newfstatat(fd=7,path=plots,fd2=-1,path2=,flags=0) -> 0
openat(fd=7,path=plots,fd2=-1,path2=,flags=575744) -> 6
fcntl(fd=6,cmd=3,arg=0) -> 182272
fcntl(fd=6,cmd=2,arg=1) -> 0
fcntl(fd=6,cmd=1030,arg=3) -> 8
fcntl(fd=8,cmd=1030,arg=0) -> 4
fcntl(fd=7,cmd=1030,arg=0) -> 4
newfstatat(fd=7,path=data,fd2=-1,path2=,flags=0) -> 0
openat(fd=7,path=data,fd2=-1,path2=,flags=575744) -> 6
fcntl(fd=6,cmd=3,arg=0) -> 182272
fcntl(fd=6,cmd=2,arg=1) -> 0
fcntl(fd=6,cmd=1030,arg=3) -> 8
fcntl(fd=8,cmd=1030,arg=0) -> 4
fcntl(fd=7,cmd=1030,arg=0) -> 4
newfstatat(fd=7,path=target,fd2=-1,path2=,flags=0) -> 0
openat(fd=7,path=target,fd2=-1,path2=,flags=575744) -> 6
fcntl(fd=6,cmd=3,arg=0) -> 182272
fcntl(fd=6,cmd=2,arg=1) -> 0
fcntl(fd=6,cmd=1030,arg=3) -> 8
fcntl(fd=8,cmd=1030,arg=0) -> 4
newfstatat(fd=8,path=process-logs,fd2=-1,path2=,flags=0) -> 0
openat(fd=8,path=process-logs,fd2=-1,path2=,flags=575744) -> 6
fcntl(fd=6,cmd=3,arg=0) -> 182272
fcntl(fd=6,cmd=2,arg=1) -> 0
fcntl(fd=6,cmd=1030,arg=3) -> 9
fcntl(fd=9,cmd=1030,arg=0) -> 4
fcntl(fd=8,cmd=1030,arg=0) -> 4
fcntl(fd=7,cmd=1030,arg=0) -> 4
newfstatat(fd=7,path=viz,fd2=-1,path2=,flags=0) -> 0
openat(fd=7,path=viz,fd2=-1,path2=,flags=575744) -> 6
fcntl(fd=6,cmd=3,arg=0) -> 182272
fcntl(fd=6,cmd=2,arg=1) -> 0
fcntl(fd=6,cmd=1030,arg=3) -> 8
fcntl(fd=8,cmd=1030,arg=0) -> 4
fcntl(fd=7,cmd=1030,arg=0) -> 4
newfstatat(fd=7,path=tests,fd2=-1,path2=,flags=0) -> 0
openat(fd=7,path=tests,fd2=-1,path2=,flags=575744) -> 6
fcntl(fd=6,cmd=3,arg=0) -> 182272
fcntl(fd=6,cmd=2,arg=1) -> 0
fcntl(fd=6,cmd=1030,arg=3) -> 8
fcntl(fd=8,cmd=1030,arg=0) -> 4
fcntl(fd=7,cmd=1030,arg=0) -> 4
newfstatat(fd=7,path=standards,fd2=-1,path2=,flags=0) -> 0
openat(fd=7,path=standards,fd2=-1,path2=,flags=575744) -> 6
fcntl(fd=6,cmd=3,arg=0) -> 182272
fcntl(fd=6,cmd=2,arg=1) -> 0
fcntl(fd=6,cmd=1030,arg=3) -> 8
newfstatat(fd=8,path=sleep,fd2=-1,path2=,flags=0) -> 0
fcntl(fd=8,cmd=1030,arg=0) -> 4
openat(fd=8,path=sleep,fd2=-1,path2=,flags=575744) -> 6
fcntl(fd=6,cmd=3,arg=0) -> 182272
fcntl(fd=6,cmd=2,arg=1) -> 0
fcntl(fd=6,cmd=1030,arg=3) -> 9
fcntl(fd=9,cmd=1030,arg=0) -> 4
newfstatat(fd=9,path=scripts,fd2=-1,path2=,flags=0) -> 0
openat(fd=9,path=scripts,fd2=-1,path2=,flags=575744) -> 6
fcntl(fd=6,cmd=3,arg=0) -> 182272
fcntl(fd=6,cmd=2,arg=1) -> 0
fcntl(fd=6,cmd=1030,arg=3) -> 10
fcntl(fd=10,cmd=1030,arg=0) -> 4
fcntl(fd=9,cmd=1030,arg=0) -> 4
fcntl(fd=8,cmd=1030,arg=0) -> 4
newfstatat(fd=8,path=read-write,fd2=-1,path2=,flags=0) -> 0
openat(fd=8,path=read-write,fd2=-1,path2=,flags=575744) -> 6
fcntl(fd=6,cmd=3,arg=0) -> 182272
fcntl(fd=6,cmd=2,arg=1) -> 0
fcntl(fd=6,cmd=1030,arg=3) -> 9
fcntl(fd=9,cmd=1030,arg=0) -> 4
newfstatat(fd=9,path=scripts,fd2=-1,path2=,flags=0) -> 0
openat(fd=9,path=scripts,fd2=-1,path2=,flags=575744) -> 6
fcntl(fd=6,cmd=3,arg=0) -> 182272
fcntl(fd=6,cmd=2,arg=1) -> 0
fcntl(fd=6,cmd=1030,arg=3) -> 10
fcntl(fd=10,cmd=1030,arg=0) -> 4
fcntl(fd=9,cmd=1030,arg=0) -> 4
fcntl(fd=8,cmd=1030,arg=0) -> 4
newfstatat(fd=8,path=user-time-in-shell,fd2=-1,path2=,flags=0) -> 0
openat(fd=8,path=user-time-in-shell,fd2=-1,path2=,flags=575744) -> 6
fcntl(fd=6,cmd=3,arg=0) -> 182272
fcntl(fd=6,cmd=2,arg=1) -> 0
fcntl(fd=6,cmd=1030,arg=3) -> 9
fcntl(fd=9,cmd=1030,arg=0) -> 4
newfstatat(fd=9,path=scripts,fd2=-1,path2=,flags=0) -> 0
openat(fd=9,path=scripts,fd2=-1,path2=,flags=575744) -> 6
fcntl(fd=6,cmd=3,arg=0) -> 182272
fcntl(fd=6,cmd=2,arg=1) -> 0
fcntl(fd=6,cmd=1030,arg=3) -> 10
fcntl(fd=10,cmd=1030,arg=0) -> 4
fcntl(fd=9,cmd=1030,arg=0) -> 4
fcntl(fd=8,cmd=1030,arg=0) -> 4
newfstatat(fd=8,path=write-only,fd2=-1,path2=,flags=0) -> 0
openat(fd=8,path=write-only,fd2=-1,path2=,flags=575744) -> 6
fcntl(fd=6,cmd=3,arg=0) -> 182272
fcntl(fd=6,cmd=2,arg=1) -> 0
fcntl(fd=6,cmd=1030,arg=3) -> 9
fcntl(fd=9,cmd=1030,arg=0) -> 4
newfstatat(fd=9,path=scripts,fd2=-1,path2=,flags=0) -> 0
openat(fd=9,path=scripts,fd2=-1,path2=,flags=575744) -> 6
fcntl(fd=6,cmd=3,arg=0) -> 182272
fcntl(fd=6,cmd=2,arg=1) -> 0
fcntl(fd=6,cmd=1030,arg=3) -> 10
fcntl(fd=10,cmd=1030,arg=0) -> 4
fcntl(fd=9,cmd=1030,arg=0) -> 4
fcntl(fd=8,cmd=1030,arg=0) -> 4
newfstatat(fd=8,path=shell-memory,fd2=-1,path2=,flags=0) -> 0
openat(fd=8,path=shell-memory,fd2=-1,path2=,flags=575744) -> 6
fcntl(fd=6,cmd=3,arg=0) -> 182272
fcntl(fd=6,cmd=2,arg=1) -> 0
fcntl(fd=6,cmd=1030,arg=3) -> 9
fcntl(fd=9,cmd=1030,arg=0) -> 4
newfstatat(fd=9,path=scripts,fd2=-1,path2=,flags=0) -> 0
openat(fd=9,path=scripts,fd2=-1,path2=,flags=575744) -> 6
fcntl(fd=6,cmd=3,arg=0) -> 182272
fcntl(fd=6,cmd=2,arg=1) -> 0
fcntl(fd=6,cmd=1030,arg=3) -> 10
fcntl(fd=10,cmd=1030,arg=0) -> 4
fcntl(fd=9,cmd=1030,arg=0) -> 4
fcntl(fd=8,cmd=1030,arg=0) -> 4
newfstatat(fd=8,path=user-time,fd2=-1,path2=,flags=0) -> 0
openat(fd=8,path=user-time,fd2=-1,path2=,flags=575744) -> 6
fcntl(fd=6,cmd=3,arg=0) -> 182272
fcntl(fd=6,cmd=2,arg=1) -> 0
fcntl(fd=6,cmd=1030,arg=3) -> 9
fcntl(fd=9,cmd=1030,arg=0) -> 4
newfstatat(fd=9,path=scripts,fd2=-1,path2=,flags=0) -> 0
openat(fd=9,path=scripts,fd2=-1,path2=,flags=575744) -> 6
fcntl(fd=6,cmd=3,arg=0) -> 182272
fcntl(fd=6,cmd=2,arg=1) -> 0
fcntl(fd=6,cmd=1030,arg=3) -> 10
fcntl(fd=10,cmd=1030,arg=0) -> 4
fcntl(fd=9,cmd=1030,arg=0) -> 4
fcntl(fd=8,cmd=1030,arg=0) -> 4
newfstatat(fd=8,path=100-files,fd2=-1,path2=,flags=0) -> 0
openat(fd=8,path=100-files,fd2=-1,path2=,flags=575744) -> 6
fcntl(fd=6,cmd=3,arg=0) -> 182272
fcntl(fd=6,cmd=2,arg=1) -> 0
fcntl(fd=6,cmd=1030,arg=3) -> 9
fcntl(fd=9,cmd=1030,arg=0) -> 4
newfstatat(fd=9,path=inputs,fd2=-1,path2=,flags=0) -> 0
openat(fd=9,path=inputs,fd2=-1,path2=,flags=575744) -> 6
fcntl(fd=6,cmd=3,arg=0) -> 182272
fcntl(fd=6,cmd=2,arg=1) -> 0
fcntl(fd=6,cmd=1030,arg=3) -> 10
fcntl(fd=10,cmd=1030,arg=0) -> 4
fcntl(fd=9,cmd=1030,arg=0) -> 4
newfstatat(fd=9,path=scripts,fd2=-1,path2=,flags=0) -> 0
openat(fd=9,path=scripts,fd2=-1,path2=,flags=575744) -> 6
fcntl(fd=6,cmd=3,arg=0) -> 182272
fcntl(fd=6,cmd=2,arg=1) -> 0
fcntl(fd=6,cmd=1030,arg=3) -> 10
fcntl(fd=10,cmd=1030,arg=0) -> 4
fcntl(fd=9,cmd=1030,arg=0) -> 4
fcntl(fd=8,cmd=1030,arg=0) -> 4
newfstatat(fd=8,path=time-in-shell-subprocess,fd2=-1,path2=,flags=0) -> 0
openat(fd=8,path=time-in-shell-subprocess,fd2=-1,path2=,flags=575744) -> 6
fcntl(fd=6,cmd=3,arg=0) -> 182272
fcntl(fd=6,cmd=2,arg=1) -> 0
fcntl(fd=6,cmd=1030,arg=3) -> 9
fcntl(fd=9,cmd=1030,arg=0) -> 4
newfstatat(fd=9,path=scripts,fd2=-1,path2=,flags=0) -> 0
openat(fd=9,path=scripts,fd2=-1,path2=,flags=575744) -> 6
fcntl(fd=6,cmd=3,arg=0) -> 182272
fcntl(fd=6,cmd=2,arg=1) -> 0
fcntl(fd=6,cmd=1030,arg=3) -> 10
fcntl(fd=10,cmd=1030,arg=0) -> 4
fcntl(fd=9,cmd=1030,arg=0) -> 4
fcntl(fd=8,cmd=1030,arg=0) -> 4
fcntl(fd=7,cmd=1030,arg=0) -> 4
fcntl(fd=5,cmd=1030,arg=0) -> 4
newfstatat(fd=5,path=.git,fd2=-1,path2=,flags=0) -> 0
openat(fd=5,path=.git,fd2=-1,path2=,flags=575744) -> 6
fcntl(fd=6,cmd=3,arg=0) -> 182272
fcntl(fd=6,cmd=2,arg=1) -> 0
fcntl(fd=6,cmd=1030,arg=3) -> 7
newfstatat(fd=7,path=objects,fd2=-1,path2=,flags=0) -> 0
fcntl(fd=7,cmd=1030,arg=0) -> 4
openat(fd=7,path=objects,fd2=-1,path2=,flags=575744) -> 6
fcntl(fd=6,cmd=3,arg=0) -> 182272
fcntl(fd=6,cmd=2,arg=1) -> 0
fcntl(fd=6,cmd=1030,arg=3) -> 8
newfstatat(fd=8,path=info,fd2=-1,path2=,flags=0) -> 0
fcntl(fd=8,cmd=1030,arg=0) -> 4
openat(fd=8,path=info,fd2=-1,path2=,flags=575744) -> 6
fcntl(fd=6,cmd=3,arg=0) -> 182272
fcntl(fd=6,cmd=2,arg=1) -> 0
fcntl(fd=6,cmd=1030,arg=3) -> 9
fcntl(fd=8,cmd=1030,arg=0) -> 4
newfstatat(fd=8,path=pack,fd2=-1,path2=,flags=0) -> 0
openat(fd=8,path=pack,fd2=-1,path2=,flags=575744) -> 6
fcntl(fd=6,cmd=3,arg=0) -> 182272
fcntl(fd=6,cmd=2,arg=1) -> 0
fcntl(fd=6,cmd=1030,arg=3) -> 9
fcntl(fd=9,cmd=1030,arg=0) -> 4
fcntl(fd=8,cmd=1030,arg=0) -> 4
fcntl(fd=7,cmd=1030,arg=0) -> 4
newfstatat(fd=7,path=refs,fd2=-1,path2=,flags=0) -> 0
openat(fd=7,path=refs,fd2=-1,path2=,flags=575744) -> 6
fcntl(fd=6,cmd=3,arg=0) -> 182272
fcntl(fd=6,cmd=2,arg=1) -> 0
fcntl(fd=6,cmd=1030,arg=3) -> 8
newfstatat(fd=8,path=tags,fd2=-1,path2=,flags=0) -> 0
fcntl(fd=8,cmd=1030,arg=0) -> 4
openat(fd=8,path=tags,fd2=-1,path2=,flags=575744) -> 6
fcntl(fd=6,cmd=3,arg=0) -> 182272
fcntl(fd=6,cmd=2,arg=1) -> 0
fcntl(fd=6,cmd=1030,arg=3) -> 9
fcntl(fd=8,cmd=1030,arg=0) -> 4
newfstatat(fd=8,path=heads,fd2=-1,path2=,flags=0) -> 0
openat(fd=8,path=heads,fd2=-1,path2=,flags=575744) -> 6
fcntl(fd=6,cmd=3,arg=0) -> 182272
fcntl(fd=6,cmd=2,arg=1) -> 0
fcntl(fd=6,cmd=1030,arg=3) -> 9
fcntl(fd=9,cmd=1030,arg=0) -> 4
fcntl(fd=8,cmd=1030,arg=0) -> 4
newfstatat(fd=8,path=remotes,fd2=-1,path2=,flags=0) -> 0
openat(fd=8,path=remotes,fd2=-1,path2=,flags=575744) -> 6
fcntl(fd=6,cmd=3,arg=0) -> 182272
fcntl(fd=6,cmd=2,arg=1) -> 0
fcntl(fd=6,cmd=1030,arg=3) -> 9
newfstatat(fd=9,path=origin,fd2=-1,path2=,flags=0) -> 0
fcntl(fd=9,cmd=1030,arg=0) -> 4
openat(fd=9,path=origin,fd2=-1,path2=,flags=575744) -> 6
fcntl(fd=6,cmd=3,arg=0) -> 182272
fcntl(fd=6,cmd=2,arg=1) -> 0
fcntl(fd=6,cmd=1030,arg=3) -> 10
fcntl(fd=10,cmd=1030,arg=0) -> 4
fcntl(fd=9,cmd=1030,arg=0) -> 4
fcntl(fd=8,cmd=1030,arg=0) -> 4
fcntl(fd=7,cmd=1030,arg=0) -> 4
newfstatat(fd=7,path=branches,fd2=-1,path2=,flags=0) -> 0
openat(fd=7,path=branches,fd2=-1,path2=,flags=575744) -> 6
fcntl(fd=6,cmd=3,arg=0) -> 182272
fcntl(fd=6,cmd=2,arg=1) -> 0
fcntl(fd=6,cmd=1030,arg=3) -> 8
fcntl(fd=7,cmd=1030,arg=0) -> 4
newfstatat(fd=7,path=hooks,fd2=-1,path2=,flags=0) -> 0
openat(fd=7,path=hooks,fd2=-1,path2=,flags=575744) -> 6
fcntl(fd=6,cmd=3,arg=0) -> 182272
fcntl(fd=6,cmd=2,arg=1) -> 0
fcntl(fd=6,cmd=1030,arg=3) -> 8
fcntl(fd=8,cmd=1030,arg=0) -> 4
fcntl(fd=7,cmd=1030,arg=0) -> 4
newfstatat(fd=7,path=info,fd2=-1,path2=,flags=0) -> 0
openat(fd=7,path=info,fd2=-1,path2=,flags=575744) -> 6
fcntl(fd=6,cmd=3,arg=0) -> 182272
fcntl(fd=6,cmd=2,arg=1) -> 0
fcntl(fd=6,cmd=1030,arg=3) -> 8
fcntl(fd=8,cmd=1030,arg=0) -> 4
fcntl(fd=7,cmd=1030,arg=0) -> 4
newfstatat(fd=7,path=logs,fd2=-1,path2=,flags=0) -> 0
openat(fd=7,path=logs,fd2=-1,path2=,flags=575744) -> 6
fcntl(fd=6,cmd=3,arg=0) -> 182272
fcntl(fd=6,cmd=2,arg=1) -> 0
fcntl(fd=6,cmd=1030,arg=3) -> 8
newfstatat(fd=8,path=refs,fd2=-1,path2=,flags=0) -> 0
fcntl(fd=8,cmd=1030,arg=0) -> 4
openat(fd=8,path=refs,fd2=-1,path2=,flags=575744) -> 6
fcntl(fd=6,cmd=3,arg=0) -> 182272
fcntl(fd=6,cmd=2,arg=1) -> 0
fcntl(fd=6,cmd=1030,arg=3) -> 9
newfstatat(fd=9,path=heads,fd2=-1,path2=,flags=0) -> 0
fcntl(fd=9,cmd=1030,arg=0) -> 4
openat(fd=9,path=heads,fd2=-1,path2=,flags=575744) -> 6
fcntl(fd=6,cmd=3,arg=0) -> 182272
fcntl(fd=6,cmd=2,arg=1) -> 0
fcntl(fd=6,cmd=1030,arg=3) -> 10
fcntl(fd=10,cmd=1030,arg=0) -> 4
fcntl(fd=9,cmd=1030,arg=0) -> 4
newfstatat(fd=9,path=remotes,fd2=-1,path2=,flags=0) -> 0
openat(fd=9,path=remotes,fd2=-1,path2=,flags=575744) -> 6
fcntl(fd=6,cmd=3,arg=0) -> 182272
fcntl(fd=6,cmd=2,arg=1) -> 0
fcntl(fd=6,cmd=1030,arg=3) -> 10
newfstatat(fd=10,path=origin,fd2=-1,path2=,flags=0) -> 0
fcntl(fd=10,cmd=1030,arg=0) -> 4
openat(fd=10,path=origin,fd2=-1,path2=,flags=575744) -> 6
fcntl(fd=6,cmd=3,arg=0) -> 182272
fcntl(fd=6,cmd=2,arg=1) -> 0
fcntl(fd=6,cmd=1030,arg=3) -> 11
fcntl(fd=11,cmd=1030,arg=0) -> 4
fcntl(fd=10,cmd=1030,arg=0) -> 4
fcntl(fd=9,cmd=1030,arg=0) -> 4
fcntl(fd=8,cmd=1030,arg=0) -> 4
fcntl(fd=7,cmd=1030,arg=0) -> 4
openat(fd=7,path=..,fd2=-1,path2=,flags=575744) -> 5
fcntl(fd=5,cmd=1030,arg=0) -> 4
newfstatat(fd=5,path=inference,fd2=-1,path2=,flags=0) -> 0
openat(fd=5,path=inference,fd2=-1,path2=,flags=575744) -> 6
fcntl(fd=6,cmd=3,arg=0) -> 182272
fcntl(fd=6,cmd=2,arg=1) -> 0
fcntl(fd=6,cmd=1030,arg=3) -> 7
newfstatat(fd=7,path=min_inputs,fd2=-1,path2=,flags=0) -> 0
fcntl(fd=7,cmd=1030,arg=0) -> 4
openat(fd=7,path=min_inputs,fd2=-1,path2=,flags=575744) -> 6
fcntl(fd=6,cmd=3,arg=0) -> 182272
fcntl(fd=6,cmd=2,arg=1) -> 0
fcntl(fd=6,cmd=1030,arg=3) -> 8
newfstatat(fd=8,path=dpt.min,fd2=-1,path2=,flags=0) -> 0
fcntl(fd=8,cmd=1030,arg=0) -> 4
openat(fd=8,path=dpt.min,fd2=-1,path2=,flags=575744) -> 6
fcntl(fd=6,cmd=3,arg=0) -> 182272
fcntl(fd=6,cmd=2,arg=1) -> 0
fcntl(fd=6,cmd=1030,arg=3) -> 9
fcntl(fd=9,cmd=1030,arg=0) -> 4
fcntl(fd=8,cmd=1030,arg=0) -> 4
newfstatat(fd=8,path=songs.min,fd2=-1,path2=,flags=0) -> 0
openat(fd=8,path=songs.min,fd2=-1,path2=,flags=575744) -> 6
fcntl(fd=6,cmd=3,arg=0) -> 182272
fcntl(fd=6,cmd=2,arg=1) -> 0
fcntl(fd=6,cmd=1030,arg=3) -> 9
newfstatat(fd=9,path=000,fd2=-1,path2=,flags=0) -> 0
fcntl(fd=9,cmd=1030,arg=0) -> 4
openat(fd=9,path=000,fd2=-1,path2=,flags=575744) -> 6
fcntl(fd=6,cmd=3,arg=0) -> 182272
fcntl(fd=6,cmd=2,arg=1) -> 0
fcntl(fd=6,cmd=1030,arg=3) -> 10
fcntl(fd=10,cmd=1030,arg=0) -> 4
fcntl(fd=9,cmd=1030,arg=0) -> 4
fcntl(fd=8,cmd=1030,arg=0) -> 4
newfstatat(fd=8,path=jpg.min,fd2=-1,path2=,flags=0) -> 0
openat(fd=8,path=jpg.min,fd2=-1,path2=,flags=575744) -> 6
fcntl(fd=6,cmd=3,arg=0) -> 182272
fcntl(fd=6,cmd=2,arg=1) -> 0
fcntl(fd=6,cmd=1030,arg=3) -> 9
newfstatat(fd=9,path=jpg,fd2=-1,path2=,flags=0) -> 0
fcntl(fd=9,cmd=1030,arg=0) -> 4
openat(fd=9,path=jpg,fd2=-1,path2=,flags=575744) -> 6
fcntl(fd=6,cmd=3,arg=0) -> 182272
fcntl(fd=6,cmd=2,arg=1) -> 0
fcntl(fd=6,cmd=1030,arg=3) -> 10
fcntl(fd=10,cmd=1030,arg=0) -> 4
fcntl(fd=9,cmd=1030,arg=0) -> 4
fcntl(fd=8,cmd=1030,arg=0) -> 4
fcntl(fd=7,cmd=1030,arg=0) -> 4
newfstatat(fd=7,path=hashes,fd2=-1,path2=,flags=0) -> 0
openat(fd=7,path=hashes,fd2=-1,path2=,flags=575744) -> 6
fcntl(fd=6,cmd=3,arg=0) -> 182272
fcntl(fd=6,cmd=2,arg=1) -> 0
fcntl(fd=6,cmd=1030,arg=3) -> 8
fcntl(fd=8,cmd=1030,arg=0) -> 4
newfstatat(fd=8,path=jpg.min,fd2=-1,path2=,flags=0) -> 0
openat(fd=8,path=jpg.min,fd2=-1,path2=,flags=575744) -> 6
fcntl(fd=6,cmd=3,arg=0) -> 182272
fcntl(fd=6,cmd=2,arg=1) -> 0
fcntl(fd=6,cmd=1030,arg=3) -> 9
fcntl(fd=9,cmd=1030,arg=0) -> 4
fcntl(fd=8,cmd=1030,arg=0) -> 4
fcntl(fd=7,cmd=1030,arg=0) -> 4
newfstatat(fd=7,path=scripts,fd2=-1,path2=,flags=0) -> 0
openat(fd=7,path=scripts,fd2=-1,path2=,flags=575744) -> 6
fcntl(fd=6,cmd=3,arg=0) -> 182272
fcntl(fd=6,cmd=2,arg=1) -> 0
fcntl(fd=6,cmd=1030,arg=3) -> 8
fcntl(fd=8,cmd=1030,arg=0) -> 4
fcntl(fd=7,cmd=1030,arg=0) -> 4
fcntl(fd=5,cmd=1030,arg=0) -> 4
newfstatat(fd=5,path=nlp,fd2=-1,path2=,flags=0) -> 0
openat(fd=5,path=nlp,fd2=-1,path2=,flags=575744) -> 6
fcntl(fd=6,cmd=3,arg=0) -> 182272
fcntl(fd=6,cmd=2,arg=1) -> 0
fcntl(fd=6,cmd=1030,arg=3) -> 7
fcntl(fd=7,cmd=1030,arg=0) -> 4
newfstatat(fd=7,path=hashes,fd2=-1,path2=,flags=0) -> 0
openat(fd=7,path=hashes,fd2=-1,path2=,flags=575744) -> 6
fcntl(fd=6,cmd=3,arg=0) -> 182272
fcntl(fd=6,cmd=2,arg=1) -> 0
fcntl(fd=6,cmd=1030,arg=3) -> 8
newfstatat(fd=8,path=small,fd2=-1,path2=,flags=0) -> 0
fcntl(fd=8,cmd=1030,arg=0) -> 4
openat(fd=8,path=small,fd2=-1,path2=,flags=575744) -> 6
fcntl(fd=6,cmd=3,arg=0) -> 182272
fcntl(fd=6,cmd=2,arg=1) -> 0
fcntl(fd=6,cmd=1030,arg=3) -> 9
fcntl(fd=9,cmd=1030,arg=0) -> 4
fcntl(fd=8,cmd=1030,arg=0) -> 4
newfstatat(fd=8,path=full,fd2=-1,path2=,flags=0) -> 0
openat(fd=8,path=full,fd2=-1,path2=,flags=575744) -> 6
fcntl(fd=6,cmd=3,arg=0) -> 182272
fcntl(fd=6,cmd=2,arg=1) -> 0
fcntl(fd=6,cmd=1030,arg=3) -> 9
fcntl(fd=9,cmd=1030,arg=0) -> 4
fcntl(fd=8,cmd=1030,arg=0) -> 4
newfstatat(fd=8,path=min,fd2=-1,path2=,flags=0) -> 0
openat(fd=8,path=min,fd2=-1,path2=,flags=575744) -> 6
fcntl(fd=6,cmd=3,arg=0) -> 182272
fcntl(fd=6,cmd=2,arg=1) -> 0
fcntl(fd=6,cmd=1030,arg=3) -> 9
fcntl(fd=9,cmd=1030,arg=0) -> 4
fcntl(fd=8,cmd=1030,arg=0) -> 4
fcntl(fd=7,cmd=1030,arg=0) -> 4
newfstatat(fd=7,path=scripts,fd2=-1,path2=,flags=0) -> 0
openat(fd=7,path=scripts,fd2=-1,path2=,flags=575744) -> 6
fcntl(fd=6,cmd=3,arg=0) -> 182272
fcntl(fd=6,cmd=2,arg=1) -> 0
fcntl(fd=6,cmd=1030,arg=3) -> 8
fcntl(fd=8,cmd=1030,arg=0) -> 4
fcntl(fd=7,cmd=1030,arg=0) -> 4
fcntl(fd=5,cmd=1030,arg=0) -> 4
newfstatat(fd=5,path=ml,fd2=-1,path2=,flags=0) -> 0
openat(fd=5,path=ml,fd2=-1,path2=,flags=575744) -> 6
fcntl(fd=6,cmd=3,arg=0) -> 182272
fcntl(fd=6,cmd=2,arg=1) -> 0
fcntl(fd=6,cmd=1030,arg=3) -> 7
newfstatat(fd=7,path=min_inputs,fd2=-1,path2=,flags=0) -> 0
fcntl(fd=7,cmd=1030,arg=0) -> 4
openat(fd=7,path=min_inputs,fd2=-1,path2=,flags=575744) -> 6
fcntl(fd=6,cmd=3,arg=0) -> 182272
fcntl(fd=6,cmd=2,arg=1) -> 0
fcntl(fd=6,cmd=1030,arg=3) -> 8
fcntl(fd=8,cmd=1030,arg=0) -> 4
fcntl(fd=7,cmd=1030,arg=0) -> 4
newfstatat(fd=7,path=hashes,fd2=-1,path2=,flags=0) -> 0
openat(fd=7,path=hashes,fd2=-1,path2=,flags=575744) -> 6
fcntl(fd=6,cmd=3,arg=0) -> 182272
fcntl(fd=6,cmd=2,arg=1) -> 0
fcntl(fd=6,cmd=1030,arg=3) -> 8
fcntl(fd=8,cmd=1030,arg=0) -> 4
fcntl(fd=7,cmd=1030,arg=0) -> 4
newfstatat(fd=7,path=scripts,fd2=-1,path2=,flags=0) -> 0
openat(fd=7,path=scripts,fd2=-1,path2=,flags=575744) -> 6
fcntl(fd=6,cmd=3,arg=0) -> 182272
fcntl(fd=6,cmd=2,arg=1) -> 0
fcntl(fd=6,cmd=1030,arg=3) -> 8
fcntl(fd=8,cmd=1030,arg=0) -> 4
fcntl(fd=7,cmd=1030,arg=0) -> 4
fcntl(fd=5,cmd=1030,arg=0) -> 4
newfstatat(fd=5,path=.github,fd2=-1,path2=,flags=0) -> 0
openat(fd=5,path=.github,fd2=-1,path2=,flags=575744) -> 6
fcntl(fd=6,cmd=3,arg=0) -> 182272
fcntl(fd=6,cmd=2,arg=1) -> 0
fcntl(fd=6,cmd=1030,arg=3) -> 7
newfstatat(fd=7,path=workflows,fd2=-1,path2=,flags=0) -> 0
fcntl(fd=7,cmd=1030,arg=0) -> 4
openat(fd=7,path=workflows,fd2=-1,path2=,flags=575744) -> 6
fcntl(fd=6,cmd=3,arg=0) -> 182272
fcntl(fd=6,cmd=2,arg=1) -> 0
fcntl(fd=6,cmd=1030,arg=3) -> 8
fcntl(fd=8,cmd=1030,arg=0) -> 4
fcntl(fd=7,cmd=1030,arg=0) -> 4
fcntl(fd=5,cmd=1030,arg=0) -> 4
